[I 2026-03-08 16:05:48.463 ServerApp] jupyter_lsp | extension was successfully linked.
[I 2026-03-08 16:05:48.466 ServerApp] jupyter_server_terminals | extension was successfully linked.
[I 2026-03-08 16:05:48.469 ServerApp] jupyterlab | extension was successfully linked.
[I 2026-03-08 16:05:48.472 ServerApp] notebook | extension was successfully linked.
[I 2026-03-08 16:05:48.987 ServerApp] notebook_shim | extension was successfully linked.
[I 2026-03-08 16:05:49.035 ServerApp] notebook_shim | extension was successfully loaded.
[I 2026-03-08 16:05:49.036 ServerApp] jupyter_lsp | extension was successfully loaded.
[I 2026-03-08 16:05:49.037 ServerApp] jupyter_server_terminals | extension was successfully loaded.
[I 2026-03-08 16:05:49.051 LabApp] JupyterLab extension loaded from /dcs/23/u2200504/thesis/envthesis/lib/python3.13/site-packages/jupyterlab
[I 2026-03-08 16:05:49.051 LabApp] JupyterLab application directory is /dcs/23/u2200504/thesis/envthesis/share/jupyter/lab
[I 2026-03-08 16:05:49.052 LabApp] Extension Manager is 'pypi'.
[I 2026-03-08 16:05:49.107 ServerApp] jupyterlab | extension was successfully loaded.
[I 2026-03-08 16:05:49.111 ServerApp] notebook | extension was successfully loaded.
[I 2026-03-08 16:05:49.112 ServerApp] Serving notebooks from local directory: /dcs/23/u2200504
[I 2026-03-08 16:05:49.112 ServerApp] Jupyter Server 2.17.0 is running at:
[I 2026-03-08 16:05:49.112 ServerApp] http://tiger-01:11804/tree?token=e64d4e11e16f085d4b01097ca157d8720a56a9068c4ed525
[I 2026-03-08 16:05:49.112 ServerApp]     http://127.0.0.1:11804/tree?token=e64d4e11e16f085d4b01097ca157d8720a56a9068c4ed525
[I 2026-03-08 16:05:49.112 ServerApp] Use Control-C to stop this server and shut down all kernels (twice to skip confirmation).
[C 2026-03-08 16:05:49.119 ServerApp] 
    
    To access the server, open this file in a browser:
        file:///dcs/23/u2200504/.local/share/jupyter/runtime/jpserver-2402895-open.html
    Or copy and paste one of these URLs:
        http://tiger-01:11804/tree?token=e64d4e11e16f085d4b01097ca157d8720a56a9068c4ed525
        http://127.0.0.1:11804/tree?token=e64d4e11e16f085d4b01097ca157d8720a56a9068c4ed525
[I 2026-03-08 16:05:49.353 ServerApp] Skipped non-installed server(s): basedpyright, bash-language-server, dockerfile-language-server-nodejs, javascript-typescript-langserver, jedi-language-server, julia-language-server, pyrefly, pyright, python-language-server, python-lsp-server, r-languageserver, sql-language-server, texlab, typescript-language-server, unified-language-server, vscode-css-languageserver-bin, vscode-html-languageserver-bin, vscode-json-languageserver-bin, yaml-language-server
[I 2026-03-08 16:11:27.150 ServerApp] Kernel started: 78dd7d96-c776-4591-9325-75e6be19f824
[I 2026-03-08 16:11:27.874 ServerApp] Connecting to kernel 78dd7d96-c776-4591-9325-75e6be19f824.
[W 2026-03-08 16:11:27.875 ServerApp] The websocket_ping_timeout (90000) cannot be longer than the websocket_ping_interval (30000).
    Setting websocket_ping_timeout=30000
[I 2026-03-08 16:11:27.995 ServerApp] Connecting to kernel 78dd7d96-c776-4591-9325-75e6be19f824.
[I 2026-03-08 16:11:28.041 ServerApp] Connecting to kernel 78dd7d96-c776-4591-9325-75e6be19f824.
[I 2026-03-08 16:11:33.484 ServerApp] Connecting to kernel 78dd7d96-c776-4591-9325-75e6be19f824.
[I 2026-03-08 16:13:27.699 ServerApp] Saving file at /thesis/recidivism-causal/notebooks/02_CP_DAGSLAM.ipynb
[I 2026-03-08 16:15:28.906 ServerApp] Saving file at /thesis/recidivism-causal/notebooks/02_CP_DAGSLAM.ipynb
[I 2026-03-08 16:17:24.933 ServerApp] Saving file at /thesis/recidivism-causal/notebooks/02_CP_DAGSLAM.ipynb
[I 2026-03-08 16:17:47.315 ServerApp] Saving file at /thesis/recidivism-causal/notebooks/02_CP_DAGSLAM.ipynb
[I 2026-03-08 16:23:50.306 ServerApp] Saving file at /thesis/recidivism-causal/notebooks/02_CP_DAGSLAM.ipynb
[I 2026-03-08 16:25:51.491 ServerApp] Saving file at /thesis/recidivism-causal/notebooks/02_CP_DAGSLAM.ipynb
[I 2026-03-08 16:26:50.443 ServerApp] Saving file at /thesis/recidivism-causal/notebooks/02_CP_DAGSLAM.ipynb
[I 2026-03-08 16:28:51.524 ServerApp] Saving file at /thesis/recidivism-causal/notebooks/02_CP_DAGSLAM.ipynb
[I 2026-03-08 16:30:52.612 ServerApp] Saving file at /thesis/recidivism-causal/notebooks/02_CP_DAGSLAM.ipynb
[I 2026-03-08 16:32:52.830 ServerApp] Saving file at /thesis/recidivism-causal/notebooks/02_CP_DAGSLAM.ipynb
[I 2026-03-08 16:33:20.293 ServerApp] Connecting to kernel 78dd7d96-c776-4591-9325-75e6be19f824.
[I 2026-03-08 16:34:53.488 ServerApp] Saving file at /thesis/recidivism-causal/notebooks/02_CP_DAGSLAM.ipynb
[I 2026-03-08 16:36:54.181 ServerApp] Saving file at /thesis/recidivism-causal/notebooks/02_CP_DAGSLAM.ipynb
[I 2026-03-08 16:38:54.914 ServerApp] Saving file at /thesis/recidivism-causal/notebooks/02_CP_DAGSLAM.ipynb
[I 2026-03-08 16:40:56.135 ServerApp] Saving file at /thesis/recidivism-causal/notebooks/02_CP_DAGSLAM.ipynb
[I 2026-03-08 16:42:56.864 ServerApp] Saving file at /thesis/recidivism-causal/notebooks/02_CP_DAGSLAM.ipynb
[I 2026-03-08 16:44:57.939 ServerApp] Saving file at /thesis/recidivism-causal/notebooks/02_CP_DAGSLAM.ipynb
[I 2026-03-08 16:44:58.206 ServerApp] Connecting to kernel 78dd7d96-c776-4591-9325-75e6be19f824.
[I 2026-03-08 16:45:00.661 ServerApp] Connecting to kernel 78dd7d96-c776-4591-9325-75e6be19f824.
[I 2026-03-08 16:45:03.769 ServerApp] Connecting to kernel 78dd7d96-c776-4591-9325-75e6be19f824.
[W 2026-03-08 16:45:33.368 ServerApp] delete /thesis/recidivism-causal/results/graphs_DAGSLAM_scored
[W 2026-03-08 16:45:41.454 ServerApp] delete /thesis/recidivism-causal/results/graphs_DAGSLAM_scored
[W 2026-03-08 16:45:41.454 ServerApp] 404 DELETE /api/contents/thesis/recidivism-causal/results/graphs_DAGSLAM_scored?1772988341433 (10.131.35.1): File or directory does not exist: /dcs/23/u2200504/thesis/recidivism-causal/results/graphs_DAGSLAM_scored
[W 2026-03-08 16:45:41.454 ServerApp] wrote error: 'File or directory does not exist: /dcs/23/u2200504/thesis/recidivism-causal/results/graphs_DAGSLAM_scored'
    Traceback (most recent call last):
      File "/dcs/23/u2200504/thesis/envthesis/lib/python3.13/site-packages/tornado/web.py", line 1848, in _execute
        result = await result
                 ^^^^^^^^^^^^
      File "/dcs/23/u2200504/thesis/envthesis/lib/python3.13/site-packages/jupyter_server/auth/decorator.py", line 73, in inner
        return await out
               ^^^^^^^^^
      File "/dcs/23/u2200504/thesis/envthesis/lib/python3.13/site-packages/jupyter_server/services/contents/handlers.py", line 336, in delete
        await ensure_async(cm.delete(path))
      File "/dcs/23/u2200504/thesis/envthesis/lib/python3.13/site-packages/jupyter_core/utils/__init__.py", line 214, in ensure_async
        result = await obj
                 ^^^^^^^^^
      File "/dcs/23/u2200504/thesis/envthesis/lib/python3.13/site-packages/jupyter_server/services/contents/manager.py", line 898, in delete
        await self.delete_file(path)
      File "/dcs/23/u2200504/thesis/envthesis/lib/python3.13/site-packages/jupyter_server/services/contents/filemanager.py", line 1005, in delete_file
        raise web.HTTPError(404, "File or directory does not exist: %s" % os_path)
    tornado.web.HTTPError: HTTP 404: Not Found (File or directory does not exist: /dcs/23/u2200504/thesis/recidivism-causal/results/graphs_DAGSLAM_scored)
[W 2026-03-08 16:45:41.463 ServerApp] 404 DELETE /api/contents/thesis/recidivism-causal/results/graphs_DAGSLAM_scored?1772988341433 (08d41c4b97ed46d0a3ebb5f6d311b114@10.131.35.1) 10.29ms referer=http://127.0.0.1:11804/tree/thesis/recidivism-causal/results
[I 2026-03-08 16:46:58.649 ServerApp] Saving file at /thesis/recidivism-causal/notebooks/02_CP_DAGSLAM.ipynb
[I 2026-03-08 16:47:47.660 ServerApp] Connecting to kernel 78dd7d96-c776-4591-9325-75e6be19f824.
[I 2026-03-08 16:47:49.761 ServerApp] Connecting to kernel 78dd7d96-c776-4591-9325-75e6be19f824.
[I 2026-03-08 16:48:59.846 ServerApp] Saving file at /thesis/recidivism-causal/notebooks/02_CP_DAGSLAM.ipynb
[I 2026-03-08 17:08:56.417 ServerApp] Connecting to kernel 78dd7d96-c776-4591-9325-75e6be19f824.
[I 2026-03-08 17:09:45.048 ServerApp] Connecting to kernel 78dd7d96-c776-4591-9325-75e6be19f824.
[I 2026-03-08 17:11:01.347 ServerApp] Saving file at /thesis/recidivism-causal/notebooks/02_CP_DAGSLAM.ipynb
[I 2026-03-08 17:13:02.021 ServerApp] Saving file at /thesis/recidivism-causal/notebooks/02_CP_DAGSLAM.ipynb
[I 2026-03-08 17:17:02.888 ServerApp] Saving file at /thesis/recidivism-causal/notebooks/02_CP_DAGSLAM.ipynb
[I 2026-03-08 17:18:31.253 ServerApp] Saving file at /thesis/recidivism-causal/notebooks/02_CP_DAGSLAM.ipynb
[I 2026-03-08 17:19:56.416 ServerApp] Saving file at /thesis/recidivism-causal/notebooks/02_CP_DAGSLAM.ipynb
[W 2026-03-08 17:20:15.472 ServerApp] delete /thesis/recidivism-causal/results/graphs_DAGSLAM_scored
[I 2026-03-08 17:21:29.248 ServerApp] Connecting to kernel 78dd7d96-c776-4591-9325-75e6be19f824.
[I 2026-03-08 17:21:40.297 ServerApp] Connecting to kernel 78dd7d96-c776-4591-9325-75e6be19f824.
[I 2026-03-08 17:21:51.335 ServerApp] Connecting to kernel 78dd7d96-c776-4591-9325-75e6be19f824.
[I 2026-03-08 17:21:51.913 ServerApp] Kernel started: d021823f-8500-4790-94a3-6080029a9dd8
[I 2026-03-08 17:21:52.503 ServerApp] Connecting to kernel d021823f-8500-4790-94a3-6080029a9dd8.
[I 2026-03-08 17:21:57.831 ServerApp] Saving file at /thesis/recidivism-causal/notebooks/02_CP_DAGSLAM.ipynb
[I 2026-03-08 17:25:58.771 ServerApp] Saving file at /thesis/recidivism-causal/notebooks/02_CP_DAGSLAM.ipynb
[I 2026-03-08 17:27:59.527 ServerApp] Saving file at /thesis/recidivism-causal/notebooks/02_CP_DAGSLAM.ipynb
[I 2026-03-08 17:36:00.762 ServerApp] Saving file at /thesis/recidivism-causal/notebooks/02_CP_DAGSLAM.ipynb
[I 2026-03-08 17:38:01.445 ServerApp] Saving file at /thesis/recidivism-causal/notebooks/02_CP_DAGSLAM.ipynb
[I 2026-03-08 17:40:02.123 ServerApp] Saving file at /thesis/recidivism-causal/notebooks/02_CP_DAGSLAM.ipynb
[I 2026-03-08 17:41:04.795 ServerApp] Creating new directory in /thesis/recidivism-causal/results
[I 2026-03-08 17:41:40.270 ServerApp] Connecting to kernel 78dd7d96-c776-4591-9325-75e6be19f824.
[I 2026-03-08 17:41:40.332 ServerApp] Connecting to kernel d021823f-8500-4790-94a3-6080029a9dd8.
[I 2026-03-08 17:42:00.780 ServerApp] Connecting to kernel 78dd7d96-c776-4591-9325-75e6be19f824.
[I 2026-03-08 17:42:00.824 ServerApp] Connecting to kernel d021823f-8500-4790-94a3-6080029a9dd8.
[I 2026-03-08 17:42:01.113 ServerApp] Kernel started: d6f073bc-607f-4225-bece-a2fa030ebe43
[I 2026-03-08 17:42:01.710 ServerApp] Connecting to kernel d6f073bc-607f-4225-bece-a2fa030ebe43.
[I 2026-03-08 17:42:03.272 ServerApp] Saving file at /thesis/recidivism-causal/notebooks/02_CP_DAGSLAM.ipynb
[I 2026-03-08 17:42:06.211 ServerApp] Saving file at /thesis/recidivism-causal/notebooks/02_CP_DAGSLAM.ipynb
[I 2026-03-08 17:44:50.137 ServerApp] Connecting to kernel 78dd7d96-c776-4591-9325-75e6be19f824.
[I 2026-03-08 17:44:50.189 ServerApp] Connecting to kernel d021823f-8500-4790-94a3-6080029a9dd8.
[I 2026-03-08 17:44:50.237 ServerApp] Connecting to kernel d6f073bc-607f-4225-bece-a2fa030ebe43.
[I 2026-03-08 17:44:54.827 ServerApp] Connecting to kernel 78dd7d96-c776-4591-9325-75e6be19f824.
[I 2026-03-08 17:44:54.878 ServerApp] Connecting to kernel d021823f-8500-4790-94a3-6080029a9dd8.
[I 2026-03-08 17:44:54.930 ServerApp] Connecting to kernel d6f073bc-607f-4225-bece-a2fa030ebe43.
[I 2026-03-08 17:44:59.014 ServerApp] Connecting to kernel 78dd7d96-c776-4591-9325-75e6be19f824.
[I 2026-03-08 17:44:59.060 ServerApp] Connecting to kernel d021823f-8500-4790-94a3-6080029a9dd8.
[I 2026-03-08 17:44:59.119 ServerApp] Connecting to kernel d6f073bc-607f-4225-bece-a2fa030ebe43.
[I 2026-03-08 17:48:01.282 ServerApp] Saving file at /thesis/recidivism-causal/notebooks/03_CP_DAGBagM.ipynb
[I 2026-03-08 17:50:01.406 ServerApp] Saving file at /thesis/recidivism-causal/notebooks/03_CP_DAGBagM.ipynb
[I 2026-03-08 17:52:01.590 ServerApp] Saving file at /thesis/recidivism-causal/notebooks/03_CP_DAGBagM.ipynb
[I 2026-03-08 19:24:10.968 ServerApp] Starting buffering for d6f073bc-607f-4225-bece-a2fa030ebe43:867fad12-8a55-4e45-a85e-c99636e82de6
[I 2026-03-08 19:24:10.972 ServerApp] Starting buffering for d021823f-8500-4790-94a3-6080029a9dd8:cc116b6c-a28f-4933-a4e8-4557be7728bb
[I 2026-03-08 19:24:10.975 ServerApp] Starting buffering for 78dd7d96-c776-4591-9325-75e6be19f824:0dd0da1f-1170-49fe-bc08-045d5a86511f
[I 2026-03-08 19:24:11.076 ServerApp] Connecting to kernel d6f073bc-607f-4225-bece-a2fa030ebe43.
[I 2026-03-08 19:24:11.076 ServerApp] Restoring connection for d6f073bc-607f-4225-bece-a2fa030ebe43:867fad12-8a55-4e45-a85e-c99636e82de6
[I 2026-03-08 19:24:11.170 ServerApp] Connecting to kernel d021823f-8500-4790-94a3-6080029a9dd8.
[I 2026-03-08 19:24:11.170 ServerApp] Restoring connection for d021823f-8500-4790-94a3-6080029a9dd8:cc116b6c-a28f-4933-a4e8-4557be7728bb
[I 2026-03-08 19:24:11.226 ServerApp] Connecting to kernel 78dd7d96-c776-4591-9325-75e6be19f824.
[I 2026-03-08 19:24:11.226 ServerApp] Restoring connection for 78dd7d96-c776-4591-9325-75e6be19f824:0dd0da1f-1170-49fe-bc08-045d5a86511f
[W 2026-03-08 19:25:41.078 ServerApp] WebSocket ping timeout after 90001 ms.
[W 2026-03-08 19:25:41.170 ServerApp] WebSocket ping timeout after 90000 ms.
[W 2026-03-08 19:25:41.227 ServerApp] WebSocket ping timeout after 90000 ms.
[I 2026-03-08 19:25:46.079 ServerApp] Starting buffering for d6f073bc-607f-4225-bece-a2fa030ebe43:867fad12-8a55-4e45-a85e-c99636e82de6
[I 2026-03-08 19:25:46.171 ServerApp] Starting buffering for d021823f-8500-4790-94a3-6080029a9dd8:cc116b6c-a28f-4933-a4e8-4557be7728bb
[I 2026-03-08 19:25:46.227 ServerApp] Starting buffering for 78dd7d96-c776-4591-9325-75e6be19f824:0dd0da1f-1170-49fe-bc08-045d5a86511f
[I 2026-03-09 14:13:05.495 ServerApp] Connecting to kernel d021823f-8500-4790-94a3-6080029a9dd8.
[I 2026-03-09 14:13:05.495 ServerApp] Restoring connection for d021823f-8500-4790-94a3-6080029a9dd8:cc116b6c-a28f-4933-a4e8-4557be7728bb
[I 2026-03-09 14:13:05.940 ServerApp] Connecting to kernel d6f073bc-607f-4225-bece-a2fa030ebe43.
[I 2026-03-09 14:13:05.940 ServerApp] Restoring connection for d6f073bc-607f-4225-bece-a2fa030ebe43:867fad12-8a55-4e45-a85e-c99636e82de6
[I 2026-03-09 14:13:08.378 ServerApp] Connecting to kernel 78dd7d96-c776-4591-9325-75e6be19f824.
[I 2026-03-09 14:13:08.378 ServerApp] Restoring connection for 78dd7d96-c776-4591-9325-75e6be19f824:0dd0da1f-1170-49fe-bc08-045d5a86511f
[I 2026-03-09 14:14:44.045 ServerApp] Saving file at /thesis/recidivism-causal/notebooks/03_CP_DAGBagM.ipynb
[I 2026-03-09 14:16:44.171 ServerApp] Saving file at /thesis/recidivism-causal/notebooks/03_CP_DAGBagM.ipynb
[I 2026-03-09 14:16:57.998 ServerApp] Connecting to kernel 78dd7d96-c776-4591-9325-75e6be19f824.
[I 2026-03-09 14:16:58.045 ServerApp] Connecting to kernel d021823f-8500-4790-94a3-6080029a9dd8.
[I 2026-03-09 14:16:58.087 ServerApp] Connecting to kernel d6f073bc-607f-4225-bece-a2fa030ebe43.
[I 2026-03-09 14:17:31.753 ServerApp] Connecting to kernel 78dd7d96-c776-4591-9325-75e6be19f824.
[I 2026-03-09 14:17:31.799 ServerApp] Connecting to kernel d021823f-8500-4790-94a3-6080029a9dd8.
[I 2026-03-09 14:17:31.841 ServerApp] Connecting to kernel d6f073bc-607f-4225-bece-a2fa030ebe43.
[I 2026-03-09 14:18:09.395 ServerApp] Starting buffering for 78dd7d96-c776-4591-9325-75e6be19f824:0dd0da1f-1170-49fe-bc08-045d5a86511f
[I 2026-03-09 14:18:17.823 ServerApp] Connecting to kernel 78dd7d96-c776-4591-9325-75e6be19f824.
[I 2026-03-09 14:18:17.867 ServerApp] Connecting to kernel d021823f-8500-4790-94a3-6080029a9dd8.
[I 2026-03-09 14:18:17.945 ServerApp] Connecting to kernel d6f073bc-607f-4225-bece-a2fa030ebe43.
[I 2026-03-09 14:18:17.973 ServerApp] Starting buffering for 78dd7d96-c776-4591-9325-75e6be19f824:e6d5b9d5-2f2c-4223-9662-c934105e5713
[I 2026-03-09 14:18:18.165 ServerApp] Kernel started: 9653a1cb-1afb-4e85-99e7-a887212969be
[I 2026-03-09 14:18:18.788 ServerApp] Connecting to kernel 9653a1cb-1afb-4e85-99e7-a887212969be.
[I 2026-03-09 14:18:45.155 ServerApp] Saving file at /thesis/recidivism-causal/notebooks/03_CP_DAGBagM.ipynb
[I 2026-03-09 14:19:46.116 ServerApp] Kernel interrupted: 9653a1cb-1afb-4e85-99e7-a887212969be
[I 2026-03-09 14:20:17.994 ServerApp] Saving file at /thesis/recidivism-causal/notebooks/04_CP_HC.ipynb
[I 2026-03-09 14:21:22.731 ServerApp] Starting buffering for d021823f-8500-4790-94a3-6080029a9dd8:cc116b6c-a28f-4933-a4e8-4557be7728bb
[I 2026-03-09 14:21:36.364 ServerApp] Connecting to kernel 78dd7d96-c776-4591-9325-75e6be19f824.
[I 2026-03-09 14:21:36.460 ServerApp] Connecting to kernel d021823f-8500-4790-94a3-6080029a9dd8.
[I 2026-03-09 14:21:36.501 ServerApp] Connecting to kernel d6f073bc-607f-4225-bece-a2fa030ebe43.
[I 2026-03-09 14:21:36.552 ServerApp] Connecting to kernel 9653a1cb-1afb-4e85-99e7-a887212969be.
[I 2026-03-09 14:21:36.625 ServerApp] Starting buffering for 78dd7d96-c776-4591-9325-75e6be19f824:eaa1428f-969b-4571-90e6-90079adc83b6
[I 2026-03-09 14:21:36.626 ServerApp] Starting buffering for d021823f-8500-4790-94a3-6080029a9dd8:9fee2d85-ff0c-4d8b-a58c-16680af7060c
[I 2026-03-09 14:21:39.665 ServerApp] Saving file at /thesis/recidivism-causal/notebooks/04_CP_HC.ipynb
[I 2026-03-09 14:21:43.600 ServerApp] Starting buffering for 9653a1cb-1afb-4e85-99e7-a887212969be:a8234b44-03d8-4950-8b0b-8eacd6fb2f44
[I 2026-03-09 14:21:51.999 ServerApp] Connecting to kernel 78dd7d96-c776-4591-9325-75e6be19f824.
[I 2026-03-09 14:21:52.041 ServerApp] Connecting to kernel d021823f-8500-4790-94a3-6080029a9dd8.
[I 2026-03-09 14:21:52.098 ServerApp] Connecting to kernel d6f073bc-607f-4225-bece-a2fa030ebe43.
[I 2026-03-09 14:21:52.148 ServerApp] Connecting to kernel 9653a1cb-1afb-4e85-99e7-a887212969be.
[I 2026-03-09 14:21:52.176 ServerApp] Starting buffering for d021823f-8500-4790-94a3-6080029a9dd8:c3cdd5db-a7d0-4977-9486-f0ba68d25dc6
[I 2026-03-09 14:21:52.188 ServerApp] Starting buffering for 78dd7d96-c776-4591-9325-75e6be19f824:03020689-a248-48e7-997a-3a5d2c1b54ef
[I 2026-03-09 14:21:52.256 ServerApp] Starting buffering for 9653a1cb-1afb-4e85-99e7-a887212969be:e4e6f80c-ff1e-419e-b6e7-b8387228b0b7
[I 2026-03-09 14:21:52.259 ServerApp] Kernel started: 6dfbd560-a0e3-4954-8c9a-c809e77b1b65
[I 2026-03-09 14:21:52.837 ServerApp] Connecting to kernel 6dfbd560-a0e3-4954-8c9a-c809e77b1b65.
[I 2026-03-09 14:22:45.281 ServerApp] Saving file at /thesis/recidivism-causal/notebooks/03_CP_DAGBagM.ipynb
[I 2026-03-09 14:23:52.192 ServerApp] Saving file at /thesis/recidivism-causal/notebooks/05_CP_LiM.ipynb
[I 2026-03-09 14:25:24.237 ServerApp] Saving file at /thesis/recidivism-causal/notebooks/05_CP_LiM.ipynb
[I 2026-03-09 14:26:57.769 ServerApp] Saving file at /thesis/recidivism-causal/notebooks/05_CP_LiM.ipynb
[I 2026-03-09 14:27:00.641 ServerApp] Starting buffering for 6dfbd560-a0e3-4954-8c9a-c809e77b1b65:ae380ee0-9666-45bd-bc00-281e50733472
[I 2026-03-09 14:27:06.015 ServerApp] Connecting to kernel 78dd7d96-c776-4591-9325-75e6be19f824.
[I 2026-03-09 14:27:06.056 ServerApp] Connecting to kernel d021823f-8500-4790-94a3-6080029a9dd8.
[I 2026-03-09 14:27:06.108 ServerApp] Connecting to kernel d6f073bc-607f-4225-bece-a2fa030ebe43.
[I 2026-03-09 14:27:06.151 ServerApp] Connecting to kernel 6dfbd560-a0e3-4954-8c9a-c809e77b1b65.
[I 2026-03-09 14:27:06.199 ServerApp] Starting buffering for 78dd7d96-c776-4591-9325-75e6be19f824:abb6f03c-7928-4115-8117-2c52db01289e
[I 2026-03-09 14:27:06.200 ServerApp] Starting buffering for d021823f-8500-4790-94a3-6080029a9dd8:c4e10ef4-a801-4f33-b375-065d12b44f1a
[I 2026-03-09 14:27:06.203 ServerApp] Connecting to kernel 9653a1cb-1afb-4e85-99e7-a887212969be.
[I 2026-03-09 14:27:06.237 ServerApp] Starting buffering for 6dfbd560-a0e3-4954-8c9a-c809e77b1b65:91aba685-da17-40e4-a1c1-87125e481124
[I 2026-03-09 14:27:06.261 ServerApp] Kernel started: 98dc5a9e-1e0a-4d17-a759-211a7a4086c8
[I 2026-03-09 14:27:06.295 ServerApp] Starting buffering for 9653a1cb-1afb-4e85-99e7-a887212969be:e52eedd8-6dbb-47b9-8a02-0e8b8afe2e2d
[I 2026-03-09 14:27:06.852 ServerApp] Connecting to kernel 98dc5a9e-1e0a-4d17-a759-211a7a4086c8.
[I 2026-03-09 14:29:06.172 ServerApp] Saving file at /thesis/recidivism-causal/notebooks/06_CP_REX.ipynb
[I 2026-03-09 14:30:53.276 ServerApp] Saving file at /thesis/recidivism-causal/notebooks/06_CP_REX.ipynb
[I 2026-03-09 15:00:53.424 ServerApp] Saving file at /thesis/recidivism-causal/notebooks/06_CP_REX.ipynb
[I 2026-03-09 15:06:30.724 ServerApp] Saving file at /thesis/recidivism-causal/notebooks/06_CP_REX.ipynb
[I 2026-03-09 15:06:37.365 ServerApp] Starting buffering for 98dc5a9e-1e0a-4d17-a759-211a7a4086c8:43a96dd7-0871-477c-86f9-ff93d81d5388
[I 2026-03-09 15:06:47.916 ServerApp] Connecting to kernel 78dd7d96-c776-4591-9325-75e6be19f824.
[I 2026-03-09 15:06:47.958 ServerApp] Connecting to kernel d021823f-8500-4790-94a3-6080029a9dd8.
[I 2026-03-09 15:06:48.000 ServerApp] Connecting to kernel d6f073bc-607f-4225-bece-a2fa030ebe43.
[I 2026-03-09 15:06:48.047 ServerApp] Connecting to kernel 9653a1cb-1afb-4e85-99e7-a887212969be.
[I 2026-03-09 15:06:48.101 ServerApp] Connecting to kernel 6dfbd560-a0e3-4954-8c9a-c809e77b1b65.
[I 2026-03-09 15:06:48.115 ServerApp] Starting buffering for 78dd7d96-c776-4591-9325-75e6be19f824:7438b415-bee5-441a-ae7f-1a6f69d79dfb
[I 2026-03-09 15:06:48.158 ServerApp] Starting buffering for d021823f-8500-4790-94a3-6080029a9dd8:fb0ef55e-b2aa-48c0-a444-2e18c8278995
[I 2026-03-09 15:06:48.163 ServerApp] Connecting to kernel 98dc5a9e-1e0a-4d17-a759-211a7a4086c8.
[I 2026-03-09 15:06:48.187 ServerApp] Starting buffering for 9653a1cb-1afb-4e85-99e7-a887212969be:829fed31-70bd-410f-8ca1-63aa277d6c27
[I 2026-03-09 15:06:48.189 ServerApp] Starting buffering for 6dfbd560-a0e3-4954-8c9a-c809e77b1b65:190074ee-cbbe-417b-bd9b-6322a3fd25f0
[I 2026-03-09 15:06:48.213 ServerApp] Kernel started: de3b147e-cda1-4870-a426-23071b1eee1b
[I 2026-03-09 15:06:48.215 ServerApp] Starting buffering for 98dc5a9e-1e0a-4d17-a759-211a7a4086c8:7cbbc299-7364-4cb9-8ee0-f035be78631d
[I 2026-03-09 15:06:48.880 ServerApp] Connecting to kernel de3b147e-cda1-4870-a426-23071b1eee1b.
[I 2026-03-09 15:12:48.127 ServerApp] Saving file at /thesis/recidivism-causal/notebooks/01_CP_FCI.ipynb
[I 2026-03-09 15:14:48.963 ServerApp] Saving file at /thesis/recidivism-causal/notebooks/01_CP_FCI.ipynb
[I 2026-03-09 15:16:49.063 ServerApp] Saving file at /thesis/recidivism-causal/notebooks/01_CP_FCI.ipynb
[I 2026-03-09 15:18:49.158 ServerApp] Saving file at /thesis/recidivism-causal/notebooks/01_CP_FCI.ipynb
[I 2026-03-09 15:20:49.256 ServerApp] Saving file at /thesis/recidivism-causal/notebooks/01_CP_FCI.ipynb
[I 2026-03-09 15:22:49.360 ServerApp] Saving file at /thesis/recidivism-causal/notebooks/01_CP_FCI.ipynb
[I 2026-03-09 15:24:42.299 ServerApp] Saving file at /thesis/recidivism-causal/notebooks/01_CP_FCI.ipynb
